kotlin version: 2.0.21
error message: org.jetbrains.kotlin.backend.common.BackendException: Backend Internal error: Exception during IR lowering
File being compiled: C:/Users/aliak/AndroidStudioProjects/Android26/library/src/main/java/ru/itis/library/remoteconfig/compose/RemoteConfigCompose.kt
The root cause java.lang.RuntimeException was thrown at: org.jetbrains.kotlin.backend.jvm.codegen.FunctionCodegen.generate(FunctionCodegen.kt:47)
	at org.jetbrains.kotlin.backend.common.CodegenUtil.reportBackendException(CodegenUtil.kt:253)
	at org.jetbrains.kotlin.backend.common.CodegenUtil.reportBackendException$default(CodegenUtil.kt:236)
	at org.jetbrains.kotlin.backend.common.phaser.PerformByIrFilePhase.invokeSequential(performByIrFile.kt:65)
	at org.jetbrains.kotlin.backend.common.phaser.PerformByIrFilePhase.invoke(performByIrFile.kt:52)
	at org.jetbrains.kotlin.backend.common.phaser.PerformByIrFilePhase.invoke(performByIrFile.kt:38)
	at org.jetbrains.kotlin.backend.common.phaser.NamedCompilerPhase.phaseBody(CompilerPhase.kt:166)
	at org.jetbrains.kotlin.backend.common.phaser.AbstractNamedCompilerPhase.invoke(CompilerPhase.kt:113)
	at org.jetbrains.kotlin.backend.common.phaser.CompositePhase.invoke(PhaseBuilders.kt:27)
	at org.jetbrains.kotlin.backend.common.phaser.CompositePhase.invoke(PhaseBuilders.kt:14)
	at org.jetbrains.kotlin.backend.common.phaser.NamedCompilerPhase.phaseBody(CompilerPhase.kt:166)
	at org.jetbrains.kotlin.backend.common.phaser.AbstractNamedCompilerPhase.invoke(CompilerPhase.kt:113)
	at org.jetbrains.kotlin.backend.common.phaser.CompilerPhaseKt.invokeToplevel(CompilerPhase.kt:62)
	at org.jetbrains.kotlin.backend.jvm.JvmIrCodegenFactory.invokeCodegen(JvmIrCodegenFactory.kt:371)
	at org.jetbrains.kotlin.codegen.CodegenFactory.generateModule(CodegenFactory.kt:47)
	at org.jetbrains.kotlin.backend.jvm.JvmIrCodegenFactory.generateModuleInFrontendIRMode(JvmIrCodegenFactory.kt:433)
	at org.jetbrains.kotlin.cli.jvm.compiler.pipeline.JvmCompilerPipelineKt.generateCodeFromIr(jvmCompilerPipeline.kt:246)
	at org.jetbrains.kotlin.cli.jvm.compiler.pipeline.JvmCompilerPipelineKt.compileModulesUsingFrontendIrAndLightTree(jvmCompilerPipeline.kt:142)
	at org.jetbrains.kotlin.cli.jvm.K2JVMCompiler.doExecute(K2JVMCompiler.kt:148)
	at org.jetbrains.kotlin.cli.jvm.K2JVMCompiler.doExecute(K2JVMCompiler.kt:43)
	at org.jetbrains.kotlin.cli.common.CLICompiler.execImpl(CLICompiler.kt:103)
	at org.jetbrains.kotlin.cli.common.CLICompiler.execImpl(CLICompiler.kt:49)
	at org.jetbrains.kotlin.cli.common.CLITool.exec(CLITool.kt:101)
	at org.jetbrains.kotlin.incremental.IncrementalJvmCompilerRunner.runCompiler(IncrementalJvmCompilerRunner.kt:464)
	at org.jetbrains.kotlin.incremental.IncrementalJvmCompilerRunner.runCompiler(IncrementalJvmCompilerRunner.kt:73)
	at org.jetbrains.kotlin.incremental.IncrementalCompilerRunner.doCompile(IncrementalCompilerRunner.kt:506)
	at org.jetbrains.kotlin.incremental.IncrementalCompilerRunner.compileImpl(IncrementalCompilerRunner.kt:423)
	at org.jetbrains.kotlin.incremental.IncrementalCompilerRunner.tryCompileIncrementally$lambda$9$compile(IncrementalCompilerRunner.kt:249)
	at org.jetbrains.kotlin.incremental.IncrementalCompilerRunner.tryCompileIncrementally(IncrementalCompilerRunner.kt:267)
	at org.jetbrains.kotlin.incremental.IncrementalCompilerRunner.compile(IncrementalCompilerRunner.kt:120)
	at org.jetbrains.kotlin.daemon.CompileServiceImplBase.execIncrementalCompiler(CompileServiceImpl.kt:675)
	at org.jetbrains.kotlin.daemon.CompileServiceImplBase.access$execIncrementalCompiler(CompileServiceImpl.kt:92)
	at org.jetbrains.kotlin.daemon.CompileServiceImpl.compile(CompileServiceImpl.kt:1660)
	at java.base/jdk.internal.reflect.DirectMethodHandleAccessor.invoke(Unknown Source)
	at java.base/java.lang.reflect.Method.invoke(Unknown Source)
	at java.rmi/sun.rmi.server.UnicastServerRef.dispatch(Unknown Source)
	at java.rmi/sun.rmi.transport.Transport$1.run(Unknown Source)
	at java.rmi/sun.rmi.transport.Transport$1.run(Unknown Source)
	at java.base/java.security.AccessController.doPrivileged(Unknown Source)
	at java.rmi/sun.rmi.transport.Transport.serviceCall(Unknown Source)
	at java.rmi/sun.rmi.transport.tcp.TCPTransport.handleMessages(Unknown Source)
	at java.rmi/sun.rmi.transport.tcp.TCPTransport$ConnectionHandler.run0(Unknown Source)
	at java.rmi/sun.rmi.transport.tcp.TCPTransport$ConnectionHandler.lambda$run$0(Unknown Source)
	at java.base/java.security.AccessController.doPrivileged(Unknown Source)
	at java.rmi/sun.rmi.transport.tcp.TCPTransport$ConnectionHandler.run(Unknown Source)
	at java.base/java.util.concurrent.ThreadPoolExecutor.runWorker(Unknown Source)
	at java.base/java.util.concurrent.ThreadPoolExecutor$Worker.run(Unknown Source)
	at java.base/java.lang.Thread.run(Unknown Source)
Caused by: java.lang.RuntimeException: Exception while generating code for:
FUN name:rememberRemoteConfigBoolean visibility:public modality:FINAL <> (key:kotlin.String, default:kotlin.Boolean) returnType:kotlin.Boolean
  annotations:
    Composable
  VALUE_PARAMETER name:key index:0 type:kotlin.String
  VALUE_PARAMETER name:default index:1 type:kotlin.Boolean
    EXPRESSION_BODY
      ERROR_EXPR 'Default Stub' type=kotlin.Boolean
  BLOCK_BODY
    VAR name:state type:androidx.compose.runtime.MutableState<kotlin.Boolean> [val]
      CALL 'public final fun remember <T> (calculation: @[DisallowComposableCalls] kotlin.Function0<T of androidx.compose.runtime.ComposablesKt.remember>): T of androidx.compose.runtime.ComposablesKt.remember [inline] declared in androidx.compose.runtime.ComposablesKt' type=androidx.compose.runtime.MutableState<kotlin.Boolean> origin=null
        <T>: androidx.compose.runtime.MutableState<kotlin.Boolean>
        calculation: BLOCK type=kotlin.Function0<androidx.compose.runtime.MutableState<kotlin.Boolean>> origin=LAMBDA
          COMPOSITE type=kotlin.Unit origin=null
          FUNCTION_REFERENCE 'private final fun rememberRemoteConfigBoolean$lambda$0 ($default: kotlin.Boolean): androidx.compose.runtime.MutableState<kotlin.Boolean> declared in ru.itis.library.remoteconfig.compose.RemoteConfigComposeKt' type=kotlin.Function0<androidx.compose.runtime.MutableState<kotlin.Boolean>> origin=INLINE_LAMBDA reflectionTarget=null
            $default: GET_VAR 'default: kotlin.Boolean declared in ru.itis.library.remoteconfig.compose.RemoteConfigComposeKt.rememberRemoteConfigBoolean' type=kotlin.Boolean origin=null
    CALL 'public final fun LaunchedEffect (key1: kotlin.Any?, block: @[ExtensionFunctionType] kotlin.coroutines.SuspendFunction1<kotlinx.coroutines.CoroutineScope, kotlin.Unit>): kotlin.Unit declared in androidx.compose.runtime.EffectsKt' type=kotlin.Unit origin=null
      key1: GET_FIELD 'FIELD FIELD_FOR_OBJECT_INSTANCE name:INSTANCE type:kotlin.Unit visibility:public [final,static] declared in kotlin.Unit' type=kotlin.Unit origin=null
      block: BLOCK type=ru.itis.library.remoteconfig.compose.RemoteConfigComposeKt.rememberRemoteConfigBoolean.<no name provided> origin=null
        CLASS SUSPEND_LAMBDA CLASS name:<no name provided> modality:FINAL visibility:public/*package*/ superTypes:[kotlin.coroutines.jvm.internal.SuspendLambda; kotlin.jvm.functions.Function2<kotlinx.coroutines.CoroutineScope, kotlin.coroutines.Continuation<kotlin.Unit>?, kotlin.Any?>]
          $this: VALUE_PARAMETER INSTANCE_RECEIVER name:<this> type:ru.itis.library.remoteconfig.compose.RemoteConfigComposeKt.rememberRemoteConfigBoolean.<no name provided>
          FIELD name:label type:kotlin.Int visibility:public/*package*/
          CONSTRUCTOR SUSPEND_LAMBDA visibility:public/*package*/ <> ($key:kotlin.String, $default:kotlin.Boolean, $state:androidx.compose.runtime.MutableState<kotlin.Boolean>, $completion:kotlin.coroutines.Continuation<ru.itis.library.remoteconfig.compose.RemoteConfigComposeKt.rememberRemoteConfigBoolean.<no name provided>>?) returnType:ru.itis.library.remoteconfig.compose.RemoteConfigComposeKt.rememberRemoteConfigBoolean.<no name provided> [primary]
            VALUE_PARAMETER BOUND_VALUE_PARAMETER name:$key index:0 type:kotlin.String
            VALUE_PARAMETER BOUND_VALUE_PARAMETER name:$default index:1 type:kotlin.Boolean
            VALUE_PARAMETER BOUND_VALUE_PARAMETER name:$state index:2 type:androidx.compose.runtime.MutableState<kotlin.Boolean>
            VALUE_PARAMETER name:$completion index:3 type:kotlin.coroutines.Continuation<ru.itis.library.remoteconfig.compose.RemoteConfigComposeKt.rememberRemoteConfigBoolean.<no name provided>>?
            BLOCK_BODY
              SET_FIELD 'FIELD FIELD_FOR_CAPTURED_VALUE name:$key type:kotlin.String visibility:public/*package*/ [final] declared in ru.itis.library.remoteconfig.compose.RemoteConfigComposeKt.rememberRemoteConfigBoolean.<no name provided>' type=kotlin.Unit origin=INITIALIZER_OF_FIELD_FOR_CAPTURED_VALUE
                receiver: GET_VAR '<this>: ru.itis.library.remoteconfig.compose.RemoteConfigComposeKt.rememberRemoteConfigBoolean.<no name provided> declared in ru.itis.library.remoteconfig.compose.RemoteConfigComposeKt.rememberRemoteConfigBoolean.<no name provided>' type=ru.itis.library.remoteconfig.compose.RemoteConfigComposeKt.rememberRemoteConfigBoolean.<no name provided> origin=null
                value: GET_VAR '$key: kotlin.String declared in ru.itis.library.remoteconfig.compose.RemoteConfigComposeKt.rememberRemoteConfigBoolean.<no name provided>.<init>' type=kotlin.String origin=null
              SET_FIELD 'FIELD FIELD_FOR_CAPTURED_VALUE name:$default type:kotlin.Boolean visibility:public/*package*/ [final] declared in ru.itis.library.remoteconfig.compose.RemoteConfigComposeKt.rememberRemoteConfigBoolean.<no name provided>' type=kotlin.Unit origin=INITIALIZER_OF_FIELD_FOR_CAPTURED_VALUE
                receiver: GET_VAR '<this>: ru.itis.library.remoteconfig.compose.RemoteConfigComposeKt.rememberRemoteConfigBoolean.<no name provided> declared in ru.itis.library.remoteconfig.compose.RemoteConfigComposeKt.rememberRemoteConfigBoolean.<no name provided>' type=ru.itis.library.remoteconfig.compose.RemoteConfigComposeKt.rememberRemoteConfigBoolean.<no name provided> origin=null
                value: GET_VAR '$default: kotlin.Boolean declared in ru.itis.library.remoteconfig.compose.RemoteConfigComposeKt.rememberRemoteConfigBoolean.<no name provided>.<init>' type=kotlin.Boolean origin=null
              SET_FIELD 'FIELD FIELD_FOR_CAPTURED_VALUE name:$state type:androidx.compose.runtime.MutableState<kotlin.Boolean> visibility:public/*package*/ [final] declared in ru.itis.library.remoteconfig.compose.RemoteConfigComposeKt.rememberRemoteConfigBoolean.<no name provided>' type=kotlin.Unit origin=INITIALIZER_OF_FIELD_FOR_CAPTURED_VALUE
                receiver: GET_VAR '<this>: ru.itis.library.remoteconfig.compose.RemoteConfigComposeKt.rememberRemoteConfigBoolean.<no name provided> declared in ru.itis.library.remoteconfig.compose.RemoteConfigComposeKt.rememberRemoteConfigBoolean.<no name provided>' type=ru.itis.library.remoteconfig.compose.RemoteConfigComposeKt.rememberRemoteConfigBoolean.<no name provided> origin=null
                value: GET_VAR '$state: androidx.compose.runtime.MutableState<kotlin.Boolean> declared in ru.itis.library.remoteconfig.compose.RemoteConfigComposeKt.rememberRemoteConfigBoolean.<no name provided>.<init>' type=androidx.compose.runtime.MutableState<kotlin.Boolean> origin=null
              DELEGATING_CONSTRUCTOR_CALL 'public constructor <init> (arity: kotlin.Int, $completion: kotlin.coroutines.Continuation<kotlin.Any?>?) declared in kotlin.coroutines.jvm.internal.SuspendLambda'
                arity: CONST Int type=kotlin.Int value=2
                $completion: GET_VAR '$completion: kotlin.coroutines.Continuation<ru.itis.library.remoteconfig.compose.RemoteConfigComposeKt.rememberRemoteConfigBoolean.<no name provided>>? declared in ru.itis.library.remoteconfig.compose.RemoteConfigComposeKt.rememberRemoteConfigBoolean.<no name provided>.<init>' type=kotlin.coroutines.Continuation<ru.itis.library.remoteconfig.compose.RemoteConfigComposeKt.rememberRemoteConfigBoolean.<no name provided>>? origin=null
              BLOCK type=kotlin.Unit origin=null
          FUN name:invokeSuspend visibility:public modality:FINAL <> ($this:ru.itis.library.remoteconfig.compose.RemoteConfigComposeKt.rememberRemoteConfigBoolean.<no name provided>, $result:kotlin.Result<kotlin.Any?>) returnType:kotlin.Any?
            overridden:
              protected abstract fun invokeSuspend ($result: kotlin.Result<kotlin.Any?>): kotlin.Any? declared in kotlin.coroutines.jvm.internal.SuspendLambda
            $this: VALUE_PARAMETER INSTANCE_RECEIVER name:<this> type:ru.itis.library.remoteconfig.compose.RemoteConfigComposeKt.rememberRemoteConfigBoolean.<no name provided>
            VALUE_PARAMETER name:$result index:0 type:kotlin.Result<kotlin.Any?>
            BLOCK_BODY
              COMPOSITE type=kotlin.Unit origin=null
                CALL 'public final fun fetchAndActivate ($completion: kotlin.coroutines.Continuation<kotlin.Boolean>): kotlin.Any? [suspend] declared in ru.itis.library.remoteconfig.core.RemoteConfigProvider' type=kotlin.Boolean origin=null
                  $this: GET_FIELD 'FIELD FIELD_FOR_OBJECT_INSTANCE name:INSTANCE type:ru.itis.library.remoteconfig.core.RemoteConfigProvider visibility:public [final,static] declared in ru.itis.library.remoteconfig.core.RemoteConfigProvider' type=ru.itis.library.remoteconfig.core.RemoteConfigProvider origin=null
                  $completion: GET_VAR '<this>: ru.itis.library.remoteconfig.compose.RemoteConfigComposeKt.rememberRemoteConfigBoolean.<no name provided> declared in ru.itis.library.remoteconfig.compose.RemoteConfigComposeKt.rememberRemoteConfigBoolean.<no name provided>.invokeSuspend' type=ru.itis.library.remoteconfig.compose.RemoteConfigComposeKt.rememberRemoteConfigBoolean.<no name provided> origin=null
                COMPOSITE type=kotlin.Unit origin=null
              VAR name:raw type:kotlin.String [val]
                CALL 'public final fun getString (key: kotlin.String, default: kotlin.String): kotlin.String declared in ru.itis.library.remoteconfig.core.RemoteConfigProvider' type=kotlin.String origin=null
                  $this: GET_FIELD 'FIELD FIELD_FOR_OBJECT_INSTANCE name:INSTANCE type:ru.itis.library.remoteconfig.core.RemoteConfigProvider visibility:public [final,static] declared in ru.itis.library.remoteconfig.core.RemoteConfigProvider' type=ru.itis.library.remoteconfig.core.RemoteConfigProvider origin=null
                  key: GET_FIELD 'FIELD FIELD_FOR_CAPTURED_VALUE name:$key type:kotlin.String visibility:public/*package*/ [final] declared in ru.itis.library.remoteconfig.compose.RemoteConfigComposeKt.rememberRemoteConfigBoolean.<no name provided>' type=kotlin.String origin=null
                    receiver: GET_VAR '<this>: ru.itis.library.remoteconfig.compose.RemoteConfigComposeKt.rememberRemoteConfigBoolean.<no name provided> declared in ru.itis.library.remoteconfig.compose.RemoteConfigComposeKt.rememberRemoteConfigBoolean.<no name provided>.invokeSuspend' type=ru.itis.library.remoteconfig.compose.RemoteConfigComposeKt.rememberRemoteConfigBoolean.<no name provided> origin=null
                  default: CALL 'public final fun valueOf (value: kotlin.Boolean): kotlin.String declared in java.lang.String' type=kotlin.String origin=null
                    value: GET_FIELD 'FIELD FIELD_FOR_CAPTURED_VALUE name:$default type:kotlin.Boolean visibility:public/*package*/ [final] declared in ru.itis.library.remoteconfig.compose.RemoteConfigComposeKt.rememberRemoteConfigBoolean.<no name provided>' type=kotlin.Boolean origin=null
                      receiver: GET_VAR '<this>: ru.itis.library.remoteconfig.compose.RemoteConfigComposeKt.rememberRemoteConfigBoolean.<no name provided> declared in ru.itis.library.remoteconfig.compose.RemoteConfigComposeKt.rememberRemoteConfigBoolean.<no name provided>.invokeSuspend' type=ru.itis.library.remoteconfig.compose.RemoteConfigComposeKt.rememberRemoteConfigBoolean.<no name provided> origin=null
              CALL 'public abstract fun <set-value> (value: T of androidx.compose.runtime.MutableState): kotlin.Unit declared in androidx.compose.runtime.MutableState' type=kotlin.Unit origin=EQ
                $this: GET_FIELD 'FIELD FIELD_FOR_CAPTURED_VALUE name:$state type:androidx.compose.runtime.MutableState<kotlin.Boolean> visibility:public/*package*/ [final] declared in ru.itis.library.remoteconfig.compose.RemoteConfigComposeKt.rememberRemoteConfigBoolean.<no name provided>' type=androidx.compose.runtime.MutableState<kotlin.Boolean> origin=null
                  receiver: GET_VAR '<this>: ru.itis.library.remoteconfig.compose.RemoteConfigComposeKt.rememberRemoteConfigBoolean.<no name provided> declared in ru.itis.library.remoteconfig.compose.RemoteConfigComposeKt.rememberRemoteConfigBoolean.<no name provided>.invokeSuspend' type=ru.itis.library.remoteconfig.compose.RemoteConfigComposeKt.rememberRemoteConfigBoolean.<no name provided> origin=null
                value: CALL 'public final fun parseBoolean (value: kotlin.String, default: kotlin.Boolean): kotlin.Boolean declared in ru.itis.library.remoteconfig.parser.TypeParsersKt' type=kotlin.Boolean origin=null
                  value: GET_VAR 'val raw: kotlin.String [val] declared in ru.itis.library.remoteconfig.compose.RemoteConfigComposeKt.rememberRemoteConfigBoolean.<no name provided>.invokeSuspend' type=kotlin.String origin=null
                  default: GET_FIELD 'FIELD FIELD_FOR_CAPTURED_VALUE name:$default type:kotlin.Boolean visibility:public/*package*/ [final] declared in ru.itis.library.remoteconfig.compose.RemoteConfigComposeKt.rememberRemoteConfigBoolean.<no name provided>' type=kotlin.Boolean origin=null
                    receiver: GET_VAR '<this>: ru.itis.library.remoteconfig.compose.RemoteConfigComposeKt.rememberRemoteConfigBoolean.<no name provided> declared in ru.itis.library.remoteconfig.compose.RemoteConfigComposeKt.rememberRemoteConfigBoolean.<no name provided>.invokeSuspend' type=ru.itis.library.remoteconfig.compose.RemoteConfigComposeKt.rememberRemoteConfigBoolean.<no name provided> origin=null
          FUN name:create visibility:public modality:FINAL <> ($this:ru.itis.library.remoteconfig.compose.RemoteConfigComposeKt.rememberRemoteConfigBoolean.<no name provided>, value:kotlin.Any?, $completion:kotlin.coroutines.Continuation<kotlin.Nothing>) returnType:kotlin.coroutines.Continuation<kotlin.Unit>
            overridden:
              public open fun create (value: kotlin.Any?, $completion: kotlin.coroutines.Continuation<kotlin.Nothing>): kotlin.coroutines.Continuation<kotlin.Unit> declared in kotlin.coroutines.jvm.internal.SuspendLambda
            $this: VALUE_PARAMETER INSTANCE_RECEIVER name:<this> type:ru.itis.library.remoteconfig.compose.RemoteConfigComposeKt.rememberRemoteConfigBoolean.<no name provided>
            VALUE_PARAMETER name:value index:0 type:kotlin.Any?
            VALUE_PARAMETER name:$completion index:1 type:kotlin.coroutines.Continuation<kotlin.Nothing>
            BLOCK_BODY
              RETURN type=kotlin.Nothing from='public final fun create (value: kotlin.Any?, $completion: kotlin.coroutines.Continuation<kotlin.Nothing>): kotlin.coroutines.Continuation<kotlin.Unit> declared in ru.itis.library.remoteconfig.compose.RemoteConfigComposeKt.rememberRemoteConfigBoolean.<no name provided>'
                CONSTRUCTOR_CALL 'public/*package*/ constructor <init> ($key: kotlin.String, $default: kotlin.Boolean, $state: androidx.compose.runtime.MutableState<kotlin.Boolean>, $completion: kotlin.coroutines.Continuation<ru.itis.library.remoteconfig.compose.RemoteConfigComposeKt.rememberRemoteConfigBoolean.<no name provided>>?) [primary] declared in ru.itis.library.remoteconfig.compose.RemoteConfigComposeKt.rememberRemoteConfigBoolean.<no name provided>' type=ru.itis.library.remoteconfig.compose.RemoteConfigComposeKt.rememberRemoteConfigBoolean.<no name provided> origin=null
                  $key: GET_FIELD 'FIELD FIELD_FOR_CAPTURED_VALUE name:$key type:kotlin.String visibility:public/*package*/ [final] declared in ru.itis.library.remoteconfig.compose.RemoteConfigComposeKt.rememberRemoteConfigBoolean.<no name provided>' type=kotlin.String origin=null
                    receiver: GET_VAR '<this>: ru.itis.library.remoteconfig.compose.RemoteConfigComposeKt.rememberRemoteConfigBoolean.<no name provided> declared in ru.itis.library.remoteconfig.compose.RemoteConfigComposeKt.rememberRemoteConfigBoolean.<no name provided>.create' type=ru.itis.library.remoteconfig.compose.RemoteConfigComposeKt.rememberRemoteConfigBoolean.<no name provided> origin=null
                  $default: GET_FIELD 'FIELD FIELD_FOR_CAPTURED_VALUE name:$default type:kotlin.Boolean visibility:public/*package*/ [final] declared in ru.itis.library.remoteconfig.compose.RemoteConfigComposeKt.rememberRemoteConfigBoolean.<no name provided>' type=kotlin.Boolean origin=null
                    receiver: GET_VAR '<this>: ru.itis.library.remoteconfig.compose.RemoteConfigComposeKt.rememberRemoteConfigBoolean.<no name provided> declared in ru.itis.library.remoteconfig.compose.RemoteConfigComposeKt.rememberRemoteConfigBoolean.<no name provided>.create' type=ru.itis.library.remoteconfig.compose.RemoteConfigComposeKt.rememberRemoteConfigBoolean.<no name provided> origin=null
                  $state: GET_FIELD 'FIELD FIELD_FOR_CAPTURED_VALUE name:$state type:androidx.compose.runtime.MutableState<kotlin.Boolean> visibility:public/*package*/ [final] declared in ru.itis.library.remoteconfig.compose.RemoteConfigComposeKt.rememberRemoteConfigBoolean.<no name provided>' type=androidx.compose.runtime.MutableState<kotlin.Boolean> origin=null
                    receiver: GET_VAR '<this>: ru.itis.library.remoteconfig.compose.RemoteConfigComposeKt.rememberRemoteConfigBoolean.<no name provided> declared in ru.itis.library.remoteconfig.compose.RemoteConfigComposeKt.rememberRemoteConfigBoolean.<no name provided>.create' type=ru.itis.library.remoteconfig.compose.RemoteConfigComposeKt.rememberRemoteConfigBoolean.<no name provided> origin=null
                  $completion: GET_VAR '$completion: kotlin.coroutines.Continuation<kotlin.Nothing> declared in ru.itis.library.remoteconfig.compose.RemoteConfigComposeKt.rememberRemoteConfigBoolean.<no name provided>.create' type=kotlin.coroutines.Continuation<kotlin.Nothing> origin=null
          FUN name:invoke visibility:public modality:FINAL <> ($this:ru.itis.library.remoteconfig.compose.RemoteConfigComposeKt.rememberRemoteConfigBoolean.<no name provided>, p1:kotlinx.coroutines.CoroutineScope, p2:kotlin.coroutines.Continuation<kotlin.Unit>?) returnType:kotlin.Any?
            overridden:
              public abstract fun invoke (p1: P1 of kotlin.jvm.functions.Function2, p2: P2 of kotlin.jvm.functions.Function2): R of kotlin.jvm.functions.Function2 declared in kotlin.jvm.functions.Function2
            $this: VALUE_PARAMETER INSTANCE_RECEIVER name:<this> type:ru.itis.library.remoteconfig.compose.RemoteConfigComposeKt.rememberRemoteConfigBoolean.<no name provided>
            VALUE_PARAMETER name:p1 index:0 type:kotlinx.coroutines.CoroutineScope
            VALUE_PARAMETER name:p2 index:1 type:kotlin.coroutines.Continuation<kotlin.Unit>?
            BLOCK_BODY
              RETURN type=kotlin.Nothing from='public final fun invoke (p1: kotlinx.coroutines.CoroutineScope, p2: kotlin.coroutines.Continuation<kotlin.Unit>?): kotlin.Any? declared in ru.itis.library.remoteconfig.compose.RemoteConfigComposeKt.rememberRemoteConfigBoolean.<no name provided>'
                CALL 'public final fun invokeSuspend ($result: kotlin.Result<kotlin.Any?>): kotlin.Any? declared in ru.itis.library.remoteconfig.compose.RemoteConfigComposeKt.rememberRemoteConfigBoolean.<no name provided>' type=kotlin.Any? origin=null
                  $this: TYPE_OP type=ru.itis.library.remoteconfig.compose.RemoteConfigComposeKt.rememberRemoteConfigBoolean.<no name provided> origin=IMPLICIT_CAST typeOperand=ru.itis.library.remoteconfig.compose.RemoteConfigComposeKt.rememberRemoteConfigBoolean.<no name provided>
                    CALL 'public final fun create (value: kotlin.Any?, $completion: kotlin.coroutines.Continuation<kotlin.Nothing>): kotlin.coroutines.Continuation<kotlin.Unit> declared in ru.itis.library.remoteconfig.compose.RemoteConfigComposeKt.rememberRemoteConfigBoolean.<no name provided>' type=kotlin.coroutines.Continuation<kotlin.Unit> origin=null
                      $this: GET_VAR '<this>: ru.itis.library.remoteconfig.compose.RemoteConfigComposeKt.rememberRemoteConfigBoolean.<no name provided> declared in ru.itis.library.remoteconfig.compose.RemoteConfigComposeKt.rememberRemoteConfigBoolean.<no name provided>.invoke' type=ru.itis.library.remoteconfig.compose.RemoteConfigComposeKt.rememberRemoteConfigBoolean.<no name provided> origin=null
                      value: GET_VAR 'p1: kotlinx.coroutines.CoroutineScope declared in ru.itis.library.remoteconfig.compose.RemoteConfigComposeKt.rememberRemoteConfigBoolean.<no name provided>.invoke' type=kotlinx.coroutines.CoroutineScope origin=null
                      $completion: GET_VAR 'p2: kotlin.coroutines.Continuation<kotlin.Unit>? declared in ru.itis.library.remoteconfig.compose.RemoteConfigComposeKt.rememberRemoteConfigBoolean.<no name provided>.invoke' type=kotlin.coroutines.Continuation<kotlin.Unit>? origin=null
                  $result: CALL 'public final fun <unsafe-coerce> <T, R> (v: T of kotlin.jvm.internal.<unsafe-coerce>): R of kotlin.jvm.internal.<unsafe-coerce> declared in kotlin.jvm.internal' type=kotlin.Result<kotlin.Any?> origin=null
                    <T>: kotlin.Any?
                    <R>: kotlin.Result<kotlin.Any?>
                    v: GET_FIELD 'FIELD FIELD_FOR_OBJECT_INSTANCE name:INSTANCE type:kotlin.Unit visibility:public [final,static] declared in kotlin.Unit' type=kotlin.Unit origin=null
          FIELD FIELD_FOR_CAPTURED_VALUE name:$key type:kotlin.String visibility:public/*package*/ [final]
          FIELD FIELD_FOR_CAPTURED_VALUE name:$default type:kotlin.Boolean visibility:public/*package*/ [final]
          FIELD FIELD_FOR_CAPTURED_VALUE name:$state type:androidx.compose.runtime.MutableState<kotlin.Boolean> visibility:public/*package*/ [final]
          FUN BRIDGE name:invoke visibility:public modality:OPEN <> ($this:ru.itis.library.remoteconfig.compose.RemoteConfigComposeKt.rememberRemoteConfigBoolean.<no name provided>, p1:kotlin.Any?, p2:kotlin.Any?) returnType:kotlin.Any?
            $this: VALUE_PARAMETER INSTANCE_RECEIVER name:<this> type:ru.itis.library.remoteconfig.compose.RemoteConfigComposeKt.rememberRemoteConfigBoolean.<no name provided>
            VALUE_PARAMETER BRIDGE name:p1 index:0 type:kotlin.Any?
            VALUE_PARAMETER BRIDGE name:p2 index:1 type:kotlin.Any?
            EXPRESSION_BODY
              RETURN type=kotlin.Nothing from='public open fun invoke (p1: kotlin.Any?, p2: kotlin.Any?): kotlin.Any? declared in ru.itis.library.remoteconfig.compose.RemoteConfigComposeKt.rememberRemoteConfigBoolean.<no name provided>'
                CALL 'public final fun invoke (p1: kotlinx.coroutines.CoroutineScope, p2: kotlin.coroutines.Continuation<kotlin.Unit>?): kotlin.Any? declared in ru.itis.library.remoteconfig.compose.RemoteConfigComposeKt.rememberRemoteConfigBoolean.<no name provided>' type=kotlin.Any? origin=BRIDGE_DELEGATION
                  $this: GET_VAR '<this>: ru.itis.library.remoteconfig.compose.RemoteConfigComposeKt.rememberRemoteConfigBoolean.<no name provided> declared in ru.itis.library.remoteconfig.compose.RemoteConfigComposeKt.rememberRemoteConfigBoolean.<no name provided>.invoke' type=ru.itis.library.remoteconfig.compose.RemoteConfigComposeKt.rememberRemoteConfigBoolean.<no name provided> origin=null
                  p1: TYPE_OP type=kotlinx.coroutines.CoroutineScope origin=IMPLICIT_CAST typeOperand=kotlinx.coroutines.CoroutineScope
                    GET_VAR 'p1: kotlin.Any? declared in ru.itis.library.remoteconfig.compose.RemoteConfigComposeKt.rememberRemoteConfigBoolean.<no name provided>.invoke' type=kotlin.Any? origin=null
                  p2: TYPE_OP type=kotlin.coroutines.Continuation<*> origin=IMPLICIT_CAST typeOperand=kotlin.coroutines.Continuation<*>
                    GET_VAR 'p2: kotlin.Any? declared in ru.itis.library.remoteconfig.compose.RemoteConfigComposeKt.rememberRemoteConfigBoolean.<no name provided>.invoke' type=kotlin.Any? origin=null
        CONSTRUCTOR_CALL 'public/*package*/ constructor <init> ($key: kotlin.String, $default: kotlin.Boolean, $state: androidx.compose.runtime.MutableState<kotlin.Boolean>, $completion: kotlin.coroutines.Continuation<ru.itis.library.remoteconfig.compose.RemoteConfigComposeKt.rememberRemoteConfigBoolean.<no name provided>>?) [primary] declared in ru.itis.library.remoteconfig.compose.RemoteConfigComposeKt.rememberRemoteConfigBoolean.<no name provided>' type=ru.itis.library.remoteconfig.compose.RemoteConfigComposeKt.rememberRemoteConfigBoolean.<no name provided> origin=null
          $key: GET_VAR 'key: kotlin.String declared in ru.itis.library.remoteconfig.compose.RemoteConfigComposeKt.rememberRemoteConfigBoolean' type=kotlin.String origin=null
          $default: GET_VAR 'default: kotlin.Boolean declared in ru.itis.library.remoteconfig.compose.RemoteConfigComposeKt.rememberRemoteConfigBoolean' type=kotlin.Boolean origin=null
          $state: GET_VAR 'val state: androidx.compose.runtime.MutableState<kotlin.Boolean> [val] declared in ru.itis.library.remoteconfig.compose.RemoteConfigComposeKt.rememberRemoteConfigBoolean' type=androidx.compose.runtime.MutableState<kotlin.Boolean> origin=null
          $completion: CONST Null type=kotlin.Nothing? value=null
    RETURN type=kotlin.Nothing from='public final fun rememberRemoteConfigBoolean (key: kotlin.String, default: kotlin.Boolean): kotlin.Boolean declared in ru.itis.library.remoteconfig.compose.RemoteConfigComposeKt'
      CALL 'public abstract fun <get-value> (): T of androidx.compose.runtime.MutableState declared in androidx.compose.runtime.MutableState' type=kotlin.Boolean origin=GET_PROPERTY
        $this: GET_VAR 'val state: androidx.compose.runtime.MutableState<kotlin.Boolean> [val] declared in ru.itis.library.remoteconfig.compose.RemoteConfigComposeKt.rememberRemoteConfigBoolean' type=androidx.compose.runtime.MutableState<kotlin.Boolean> origin=null

	at org.jetbrains.kotlin.backend.jvm.codegen.FunctionCodegen.generate(FunctionCodegen.kt:47)
	at org.jetbrains.kotlin.backend.jvm.codegen.FunctionCodegen.generate$default(FunctionCodegen.kt:40)
	at org.jetbrains.kotlin.backend.jvm.codegen.ClassCodegen.generateMethodNode(ClassCodegen.kt:406)
	at org.jetbrains.kotlin.backend.jvm.codegen.ClassCodegen.generateMethod(ClassCodegen.kt:423)
	at org.jetbrains.kotlin.backend.jvm.codegen.ClassCodegen.generate(ClassCodegen.kt:168)
	at org.jetbrains.kotlin.backend.jvm.FileCodegen.lower(JvmPhases.kt:39)
	at org.jetbrains.kotlin.backend.common.phaser.PhaseFactoriesKt.createFilePhase$lambda$4(PhaseFactories.kt:71)
	at org.jetbrains.kotlin.backend.common.phaser.PhaseBuildersKt$createSimpleNamedCompilerPhase$1.phaseBody(PhaseBuilders.kt:69)
	at org.jetbrains.kotlin.backend.common.phaser.SimpleNamedCompilerPhase.phaseBody(CompilerPhase.kt:226)
	at org.jetbrains.kotlin.backend.common.phaser.AbstractNamedCompilerPhase.invoke(CompilerPhase.kt:113)
	at org.jetbrains.kotlin.backend.common.phaser.PerformByIrFilePhase.invokeSequential(performByIrFile.kt:62)
	... 44 more
Caused by: org.jetbrains.kotlin.codegen.CompilationException: Back-end (JVM) Internal error: Couldn't inline method call: CALL 'public final fun remember <T> (calculation: @[DisallowComposableCalls] kotlin.Function0<T of androidx.compose.runtime.ComposablesKt.remember>): T of androidx.compose.runtime.ComposablesKt.remember [inline] declared in androidx.compose.runtime.ComposablesKt' type=androidx.compose.runtime.MutableState<kotlin.Boolean> origin=null
Method: null
File is unknown
The root cause java.lang.IllegalStateException was thrown at: org.jetbrains.kotlin.codegen.inline.SourceCompilerForInlineKt.getMethodNode(SourceCompilerForInline.kt:118)
	at org.jetbrains.kotlin.codegen.inline.InlineCodegen.performInline(InlineCodegen.kt:65)
	at org.jetbrains.kotlin.backend.jvm.codegen.IrInlineCodegen.genInlineCall(IrInlineCodegen.kt:163)
	at org.jetbrains.kotlin.backend.jvm.codegen.IrInlineCallGenerator.genCall(IrInlineCallGenerator.kt:36)
	at org.jetbrains.kotlin.backend.jvm.codegen.ExpressionCodegen.visitCall(ExpressionCodegen.kt:653)
	at org.jetbrains.kotlin.backend.jvm.codegen.ExpressionCodegen.visitCall(ExpressionCodegen.kt:138)
	at org.jetbrains.kotlin.ir.expressions.IrCall.accept(IrCall.kt:24)
	at org.jetbrains.kotlin.backend.jvm.codegen.ExpressionCodegen.visitVariable(ExpressionCodegen.kt:790)
	at org.jetbrains.kotlin.backend.jvm.codegen.ExpressionCodegen.visitVariable(ExpressionCodegen.kt:138)
	at org.jetbrains.kotlin.ir.declarations.IrVariable.accept(IrVariable.kt:36)
	at org.jetbrains.kotlin.backend.jvm.codegen.ExpressionCodegen.visitStatementContainer(ExpressionCodegen.kt:579)
	at org.jetbrains.kotlin.backend.jvm.codegen.ExpressionCodegen.visitBlockBody(ExpressionCodegen.kt:584)
	at org.jetbrains.kotlin.backend.jvm.codegen.ExpressionCodegen.visitBlockBody(ExpressionCodegen.kt:138)
	at org.jetbrains.kotlin.ir.expressions.IrBlockBody.accept(IrBlockBody.kt:20)
	at org.jetbrains.kotlin.backend.jvm.codegen.ExpressionCodegen.generate(ExpressionCodegen.kt:240)
	at org.jetbrains.kotlin.backend.jvm.codegen.FunctionCodegen.doGenerate(FunctionCodegen.kt:123)
	at org.jetbrains.kotlin.backend.jvm.codegen.FunctionCodegen.generate(FunctionCodegen.kt:44)
	... 54 more
Caused by: java.lang.IllegalStateException: couldn't find inline method Landroidx/compose/runtime/ComposablesKt;.remember(Lkotlin/jvm/functions/Function0;)Ljava/lang/Object;
	at org.jetbrains.kotlin.codegen.inline.SourceCompilerForInlineKt.getMethodNode(SourceCompilerForInline.kt:118)
	at org.jetbrains.kotlin.codegen.inline.SourceCompilerForInlineKt.loadCompiledInlineFunction(SourceCompilerForInline.kt:96)
	at org.jetbrains.kotlin.backend.jvm.codegen.IrSourceCompilerForInline.compileInlineFunction(IrSourceCompilerForInline.kt:91)
	at org.jetbrains.kotlin.codegen.inline.InlineCodegen.compileInline(InlineCodegen.kt:43)
	at org.jetbrains.kotlin.codegen.inline.InlineCodegen.performInline(InlineCodegen.kt:51)
	... 69 more


